# Comparable2

```dart
class Comparable2
```

Source: lib/src/extensions.dart:5:18

A class that overloads operators.

## Constructors

### Comparable2.new()

Source: lib/src/extensions.dart:5

---
## Operators

### operator +(Comparable2 other) → Comparable2

Source: lib/src/extensions.dart:16:16

Adds two [Comparable2] instances.

```dart
Comparable2 operator +(Comparable2 other) => this;
```

---
