# Point

```dart
class Point
```

Source: lib/src/functions.dart:15:20

An immutable 2D point.

This class demonstrates basic features like
constructors, methods, and properties.

## Constructors

### Point.new(int x, int y) const

Source: lib/src/functions.dart:17:17

Creates a point with the given coordinates.

```dart
const Point(this.x, this.y);
```

---
## Properties

### x → int

`final`

---
### y → int

`final`

---
