# MyClass

```dart
class MyClass
```

Source: lib/src/classes.dart:9:68

A simple class with documentation.

This class demonstrates basic features like
constructors, methods, and properties.

## Constructors

### MyClass.new(String name, {int count = 0})

Source: lib/src/classes.dart:11:11

Creates a new [MyClass] with the given [name].

```dart
MyClass(this.name, {this.count = 0});
```

---
### MyClass.defaults()

Source: lib/src/classes.dart:14:14

Creates a [MyClass] with default values.

```dart
MyClass.defaults() : name = 'default', count = 0;
```

---
### MyClass.fromMap(Map map)

Source: lib/src/classes.dart:19:34

Creates a [MyClass] from a map of values.

This constructor validates and processes the input map.

See [full implementation](MyClass-fromMap.md)

---
## Properties

### name → String

`final`

The name of this instance.

---
### count → int

The count value.

---
## Methods

### greet() → String

Source: lib/src/classes.dart:43:45

Returns a greeting message.

```dart
String greet() {
  return 'Hello, $name!';
}
```

---
### processData(String input) → String

Source: lib/src/classes.dart:53:64

A method with a longer body that exceeds the threshold.

This method does multiple things:
- Validates input
- Processes data
- Returns result

See [full implementation](MyClass-processData.md)

---
