# MyClass.fromMap

```dart
MyClass.fromMap(Map map)
```

Source: lib/src/classes.dart:19:34

Creates a [MyClass] from a map of values.

This constructor validates and processes the input map.

## Source

```dart
MyClass.fromMap(Map<String, dynamic> map) : name = '', count = 0 {
  final rawName = map['name'];
  if (rawName == null) {
    throw ArgumentError('name is required');
  }
  if (rawName is! String) {
    throw ArgumentError('name must be a String');
  }
  if (rawName.isEmpty) {
    throw ArgumentError('name must not be empty');
  }
  final rawCount = map['count'] ?? 0;
  if (rawCount is! int) {
    throw ArgumentError('count must be an int');
  }
}
```
